Resolving dependencies...
Downloading packages...
  _fe_analyzer_shared 91.0.0 (100.0.0 available)
  analyzer 8.4.1 (13.0.0 available)
  characters 1.4.0 (1.4.1 available)
  flame 1.35.1 (1.37.0 available)
  flame_audio 2.11.14 (2.12.1 available)
  matcher 0.12.17 (0.12.19 available)
  material_color_utilities 0.11.1 (0.13.0 available)
  meta 1.17.0 (1.18.2 available)
  native_toolchain_c 0.17.6 (0.18.0 available)
  synchronized 3.4.0 (3.4.0+1 available)
  test 1.26.3 (1.31.0 available)
  test_api 0.7.7 (0.7.11 available)
  test_core 0.6.12 (0.6.17 available)
  vector_math 2.2.0 (2.3.0 available)
Got dependencies!
14 packages have newer versions incompatible with dependency constraints.
Try `flutter pub outdated` for more information.
00:00 +0: loading D:/Game_Code/test/game_state_test.dart
00:00 +0: A* avoids cover blockers
00:00 +1: reachable tiles respect two tile movement and blockers
00:00 +2: line of sight is blocked by cover between shooter and target
00:00 +3: squad turn advances directly to enemy phase
00:00 +4: enemy activation never leaves hostiles on marine tiles
00:00 +5: reserve marine can deploy with command points
00:00 +6: reserve deployment lets player choose a highlighted drop tile
00:00 +7: move command immediately changes active marine tile
isWalkable(3,1): true
isWalkable(2,1): true
Blockers contain (3,1): false
Marine 0 at 1-1 reachable: 0, pf: 0, selected: 0
Marine 1 at 2-1 reachable: 0, pf: 2, selected: 0
Marine 2 at 1-2 reachable: 0, pf: 2, selected: 0
Marine 3 at 2-2 reachable: 0, pf: 5, selected: 0
00:00 +7 -1: move command immediately changes active marine tile [E]
  Expected: not null
    Actual: <null>
  
  package:matcher                                     expect
  package:flutter_test/src/widget_tester.dart 473:18  expect
  test\game_state_test.dart 169:5                     main.<fn>
  
00:00 +7 -1: Some tests failed.
